********************************************************************************
Obsolete PIO Core v6.1.18 is used (previous was 6.1.19)
Please remove multiple PIO Cores from a system:
https://docs.platformio.org/en/latest/core/installation/troubleshooting.html
********************************************************************************
Warning! Ignore unknown configuration option `build_dir` in section [env:4d_systems_esp32s3_gen4_r8n16]
Processing 4d_systems_esp32s3_gen4_r8n16 (platform: espressif32@^6.9.0; board: 4d_systems_esp32s3_gen4_r8n16; framework: arduino)
--------------------------------------------------------------------------------
Verbose mode can be enabled via `-v, --verbose` option
CONFIGURATION: https://docs.platformio.org/page/boards/espressif32/4d_systems_esp32s3_gen4_r8n16.html
PLATFORM: Espressif 32 (6.10.0) > 4D Systems GEN4-ESP32 16MB (ESP32S3-R8N16)
HARDWARE: ESP32S3 240MHz, 320KB RAM, 16MB Flash
DEBUG: Current (cmsis-dap) External (cmsis-dap, esp-bridge, esp-builtin, esp-prog, iot-bus-jtag, jlink, minimodule, olimex-arm-usb-ocd, olimex-arm-usb-ocd-h, olimex-arm-usb-tiny-h, olimex-jtag-tiny, tumpa)
PACKAGES: 
 - framework-arduinoespressif32 @ 3.20017.241212+sha.dcc1105b 
 - tool-esptoolpy @ 1.40501.0 (4.5.1) 
 - toolchain-riscv32-esp @ 8.4.0+2021r2-patch5 
 - toolchain-xtensa-esp32s3 @ 8.4.0+2021r2-patch5
LDF: Library Dependency Finder -> https://bit.ly/configure-pio-ldf
LDF Modes: Finder ~ chain, Compatibility ~ soft
Found 39 compatible libraries
Scanning dependencies...
Dependency Graph
|-- ESP32-audioI2S @ 2.3.0
|-- MPU6050 @ 1.4.4
|-- Adafruit NeoPixel @ 1.15.4
|-- TFT_eSPI @ 2.5.43
|-- audio-driver @ 0.2.0
|-- Wire @ 2.0.0
|-- SD_MMC @ 2.0.0
Building in release mode
Retrieving maximum program size .pio\build\4d_systems_esp32s3_gen4_r8n16\firmware.elf
Checking size .pio\build\4d_systems_esp32s3_gen4_r8n16\firmware.elf
Advanced Memory Usage is available via "PlatformIO Home > Project Inspect"
RAM:   [=         ]  14.1% (used 46144 bytes from 327680 bytes)
Flash: [=         ]  14.1% (used 925901 bytes from 6553600 bytes)
========================= [SUCCESS] Took 8.24 seconds =========================
